C51 COMPILER V9.60.7.0   MAIN                                                              10/01/2025 07:52:07 PAGE 1   


C51 COMPILER V9.60.7.0, COMPILATION OF MODULE MAIN
OBJECT MODULE PLACED IN .\Objects\main.obj
COMPILER INVOKED BY: D:\Program Files\Keil\C51\BIN\C51.EXE main.c OPTIMIZE(8,SPEED) BROWSE DEBUG OBJECTEXTEND PRINT(.\Li
                    -stings\main.lst) TABS(2) OBJECT(.\Objects\main.obj)

line level    source

   1          #include <reg51.h> // ?? The essential correction
   2          
   3          #define seg_data P3   // Segment data port
   4          sbit s1 = P2^0;       // Control for display 1 (tens)
   5          sbit s2 = P2^1;       // Control for display 2 (units)
   6          sbit sw = P1^0;
   7          // 7-segment codes for digits 0–9 (common cathode)
   8          unsigned char segment_code[] = {
   9              0x3F, // 0
  10              0x06, // 1
  11              0x5B, // 2
  12              0x4F, // 3
  13              0x66, // 4
  14              0x6D, // 5
  15              0x7D, // 6
  16              0x07, // 7
  17              0x7F, // 8
  18              0x6F  // 9
  19          };
  20          
  21          // Simple delay function (~1 ms per iteration)
  22          void delay_ms(unsigned int ms) {
  23   1          unsigned int i, j;
  24   1          for (i = 0; i < ms; i++)
  25   1              for (j = 0; j < 1275; j++);
  26   1      }
  27          
  28          // Function to display two digits using multiplexing
  29          void display_digits(unsigned char tens, unsigned char units) {
  30   1          // Display tens digit
  31   1          s1 = 0;   // Enable display 1
  32   1          s2 = 1;   // Disable display 2
  33   1          seg_data = segment_code[tens];
  34   1          delay_ms(1);
  35   1      
  36   1          // Display units digit
  37   1          s1 = 1;
  38   1          s2 = 0;
  39   1          seg_data = segment_code[units];
  40   1          delay_ms(1);
  41   1      }
  42          
  43          void main(void) {
  44   1          unsigned char i, j, k;
  45   1          sw=0;
  46   1          while (1) {
  47   2              for (i = 0; i < 10; i++) {       // Tens digit 0 to 9
  48   3                  for (j = 0; j < 10; j++) {   // Units digit 0 to 9
  49   4                      for (k = 0; (k < 1) || (sw == 1); k++) { 
  50   5                          display_digits(i, j);
  51   5                      }
  52   4                  }
  53   3              }
  54   2          }
C51 COMPILER V9.60.7.0   MAIN                                                              10/01/2025 07:52:07 PAGE 2   

  55   1      }


MODULE INFORMATION:   STATIC OVERLAYABLE
   CODE SIZE        =    118    ----
   CONSTANT SIZE    =   ----    ----
   XDATA SIZE       =   ----    ----
   PDATA SIZE       =   ----    ----
   DATA SIZE        =     10       3
   IDATA SIZE       =   ----    ----
   BIT SIZE         =   ----    ----
END OF MODULE INFORMATION.


C51 COMPILATION COMPLETE.  0 WARNING(S),  0 ERROR(S)
